2026-04-23 12:57:22 INFO    datagen | timeline[yejin_florist]: 32 events across 60 days
2026-04-23 12:57:22 INFO    datagen | timeline[minseok_cafe]: 39 events across 60 days
2026-04-23 12:57:22 INFO    datagen | timeline[sunhee_hair]: 38 events across 60 days
2026-04-23 12:57:30 INFO    datagen | day 01/60 [yejin_florist]: 12 utterances (run spend 0.0033 USD)
2026-04-23 12:57:30 INFO    datagen | day 02/60 [yejin_florist]: 12 utterances (run spend 0.0033 USD)
2026-04-23 12:57:42 INFO    datagen | day 03/60 [yejin_florist]: 12 utterances (run spend 0.0040 USD)
2026-04-23 12:57:42 INFO    datagen | day 04/60 [yejin_florist]: 12 utterances (run spend 0.0040 USD)
2026-04-23 12:57:57 INFO    datagen | day 05/60 [yejin_florist]: 12 utterances (run spend 0.0049 USD)
2026-04-23 12:58:07 INFO    datagen | day 06/60 [yejin_florist]: 12 utterances (run spend 0.0082 USD)
2026-04-23 12:58:07 INFO    datagen | day 07/60 [yejin_florist]: 12 utterances (run spend 0.0082 USD)
2026-04-23 12:58:15 INFO    datagen | day 08/60 [yejin_florist]: 12 utterances (run spend 0.0116 USD)
2026-04-23 12:58:25 INFO    datagen | day 09/60 [yejin_florist]: 12 utterances (run spend 0.0123 USD)
2026-04-23 12:58:25 INFO    datagen | day 10/60 [yejin_florist]: 12 utterances (run spend 0.0123 USD)
2026-04-23 12:58:43 INFO    datagen | day 11/60 [yejin_florist]: 9 utterances (run spend 0.0152 USD)
2026-04-23 12:58:54 INFO    datagen | day 12/60 [yejin_florist]: 11 utterances (run spend 0.0159 USD)
2026-04-23 12:58:55 INFO    datagen | day 13/60 [yejin_florist]: 12 utterances (run spend 0.0159 USD)
2026-04-23 12:59:02 INFO    datagen | day 14/60 [yejin_florist]: 6 utterances (run spend 0.0178 USD)
2026-04-23 12:59:03 INFO    datagen | day 15/60 [yejin_florist]: 12 utterances (run spend 0.0178 USD)
2026-04-23 12:59:13 INFO    datagen | day 16/60 [yejin_florist]: 11 utterances (run spend 0.0184 USD)
2026-04-23 12:59:13 INFO    datagen | day 17/60 [yejin_florist]: 12 utterances (run spend 0.0184 USD)
2026-04-23 12:59:23 INFO    datagen | day 18/60 [yejin_florist]: 11 utterances (run spend 0.0192 USD)
2026-04-23 12:59:32 INFO    datagen | day 19/60 [yejin_florist]: 12 utterances (run spend 0.0227 USD)
2026-04-23 12:59:43 INFO    datagen | day 20/60 [yejin_florist]: 11 utterances (run spend 0.0234 USD)
2026-04-23 12:59:44 INFO    datagen | day 21/60 [yejin_florist]: 12 utterances (run spend 0.0234 USD)
2026-04-23 12:59:54 INFO    datagen | day 22/60 [yejin_florist]: 11 utterances (run spend 0.0241 USD)
2026-04-23 12:59:54 INFO    datagen | day 23/60 [yejin_florist]: 12 utterances (run spend 0.0241 USD)
2026-04-23 13:00:02 INFO    datagen | day 24/60 [yejin_florist]: 12 utterances (run spend 0.0276 USD)
2026-04-23 13:00:13 INFO    datagen | day 25/60 [yejin_florist]: 12 utterances (run spend 0.0284 USD)
2026-04-23 13:00:25 INFO    datagen | day 26/60 [yejin_florist]: 10 utterances (run spend 0.0315 USD)
2026-04-23 13:00:26 INFO    datagen | day 27/60 [yejin_florist]: 12 utterances (run spend 0.0315 USD)
2026-04-23 13:00:37 INFO    datagen | day 28/60 [yejin_florist]: 12 utterances (run spend 0.0323 USD)
2026-04-23 13:00:59 WARNING src.datagen.utterance_gen | parse failed for yejin_florist day=29 gen=g3_gemini_flash: Unterminated string starting at: line 5 column 15 (char 63)
2026-04-23 13:01:00 INFO    datagen | day 29/60 [yejin_florist]: 0 utterances (run spend 0.0329 USD)
2026-04-23 13:01:11 INFO    datagen | day 30/60 [yejin_florist]: 12 utterances (run spend 0.0336 USD)
2026-04-23 13:01:21 INFO    datagen | day 31/60 [yejin_florist]: 12 utterances (run spend 0.0373 USD)
2026-04-23 13:01:33 INFO    datagen | day 32/60 [yejin_florist]: 12 utterances (run spend 0.0381 USD)
2026-04-23 13:01:33 INFO    datagen | day 33/60 [yejin_florist]: 12 utterances (run spend 0.0381 USD)
2026-04-23 13:01:54 INFO    datagen | day 34/60 [yejin_florist]: 12 utterances (run spend 0.0424 USD)
2026-04-23 13:01:54 INFO    datagen | day 35/60 [yejin_florist]: 12 utterances (run spend 0.0424 USD)
2026-04-23 13:02:05 INFO    datagen | day 36/60 [yejin_florist]: 12 utterances (run spend 0.0459 USD)
2026-04-23 13:02:17 INFO    datagen | day 37/60 [yejin_florist]: 12 utterances (run spend 0.0467 USD)
2026-04-23 13:02:27 INFO    datagen | day 38/60 [yejin_florist]: 12 utterances (run spend 0.0502 USD)
2026-04-23 13:02:38 INFO    datagen | day 39/60 [yejin_florist]: 10 utterances (run spend 0.0509 USD)
2026-04-23 13:02:46 INFO    datagen | day 40/60 [yejin_florist]: 12 utterances (run spend 0.0541 USD)
2026-04-23 13:02:57 INFO    datagen | day 41/60 [yejin_florist]: 12 utterances (run spend 0.0641 USD)
2026-04-23 13:03:09 INFO    datagen | day 42/60 [yejin_florist]: 12 utterances (run spend 0.0649 USD)
2026-04-23 13:03:16 INFO    datagen | day 43/60 [yejin_florist]: 12 utterances (run spend 0.0681 USD)
2026-04-23 13:03:25 INFO    datagen | day 44/60 [yejin_florist]: 10 utterances (run spend 0.0687 USD)
2026-04-23 13:03:34 INFO    datagen | day 45/60 [yejin_florist]: 12 utterances (run spend 0.0722 USD)
2026-04-23 13:03:45 INFO    datagen | day 46/60 [yejin_florist]: 11 utterances (run spend 0.0729 USD)
2026-04-23 13:03:53 INFO    datagen | day 47/60 [yejin_florist]: 12 utterances (run spend 0.0765 USD)
2026-04-23 13:04:03 INFO    datagen | day 48/60 [yejin_florist]: 12 utterances (run spend 0.0772 USD)
2026-04-23 13:04:11 INFO    datagen | day 49/60 [yejin_florist]: 12 utterances (run spend 0.0808 USD)
2026-04-23 13:04:23 INFO    datagen | day 50/60 [yejin_florist]: 12 utterances (run spend 0.0912 USD)
2026-04-23 13:04:31 INFO    datagen | day 51/60 [yejin_florist]: 12 utterances (run spend 0.0942 USD)
2026-04-23 13:04:42 INFO    datagen | day 52/60 [yejin_florist]: 11 utterances (run spend 0.0949 USD)
2026-04-23 13:04:52 INFO    datagen | day 53/60 [yejin_florist]: 12 utterances (run spend 0.1040 USD)
2026-04-23 13:05:04 INFO    datagen | day 54/60 [yejin_florist]: 12 utterances (run spend 0.1047 USD)
2026-04-23 13:05:17 INFO    datagen | day 55/60 [yejin_florist]: 12 utterances (run spend 0.1155 USD)
2026-04-23 13:05:25 INFO    datagen | day 56/60 [yejin_florist]: 12 utterances (run spend 0.1188 USD)
2026-04-23 13:05:36 INFO    datagen | day 57/60 [yejin_florist]: 12 utterances (run spend 0.1195 USD)
2026-04-23 13:05:48 INFO    datagen | day 58/60 [yejin_florist]: 12 utterances (run spend 0.1296 USD)
2026-04-23 13:06:07 INFO    datagen | day 59/60 [yejin_florist]: 12 utterances (run spend 0.1328 USD)
2026-04-23 13:06:20 INFO    datagen | day 60/60 [yejin_florist]: 12 utterances (run spend 0.1336 USD)
2026-04-23 13:06:40 INFO    datagen | day 01/60 [minseok_cafe]: 12 utterances (run spend 0.1447 USD)
2026-04-23 13:06:47 INFO    datagen | day 02/60 [minseok_cafe]: 9 utterances (run spend 0.1477 USD)
2026-04-23 13:07:00 INFO    datagen | day 03/60 [minseok_cafe]: 12 utterances (run spend 0.1587 USD)
2026-04-23 13:07:07 INFO    datagen | day 04/60 [minseok_cafe]: 9 utterances (run spend 0.1618 USD)
2026-04-23 13:07:20 INFO    datagen | day 05/60 [minseok_cafe]: 12 utterances (run spend 0.1723 USD)
2026-04-23 13:07:29 INFO    datagen | day 06/60 [minseok_cafe]: 12 utterances (run spend 0.1760 USD)
2026-04-23 13:07:46 INFO    datagen | day 07/60 [minseok_cafe]: 12 utterances (run spend 0.1769 USD)
2026-04-23 13:07:57 INFO    datagen | day 08/60 [minseok_cafe]: 12 utterances (run spend 0.1810 USD)
2026-04-23 13:08:10 INFO    datagen | day 09/60 [minseok_cafe]: 12 utterances (run spend 0.1921 USD)
2026-04-23 13:08:19 INFO    datagen | day 10/60 [minseok_cafe]: 12 utterances (run spend 0.1962 USD)
2026-04-23 13:08:39 INFO    datagen | day 11/60 [minseok_cafe]: 13 utterances (run spend 0.1972 USD)
2026-04-23 13:08:49 INFO    datagen | day 12/60 [minseok_cafe]: 12 utterances (run spend 0.2008 USD)
2026-04-23 13:09:05 INFO    datagen | day 13/60 [minseok_cafe]: 12 utterances (run spend 0.2121 USD)
2026-04-23 13:09:14 INFO    datagen | day 14/60 [minseok_cafe]: 10 utterances (run spend 0.2157 USD)
2026-04-23 13:09:30 INFO    datagen | day 15/60 [minseok_cafe]: 11 utterances (run spend 0.2165 USD)
2026-04-23 13:09:49 INFO    datagen | day 16/60 [minseok_cafe]: 12 utterances (run spend 0.2201 USD)
2026-04-23 13:10:05 INFO    datagen | day 17/60 [minseok_cafe]: 12 utterances (run spend 0.2209 USD)
2026-04-23 13:10:17 INFO    datagen | day 18/60 [minseok_cafe]: 12 utterances (run spend 0.2316 USD)
2026-04-23 13:10:33 INFO    datagen | day 19/60 [minseok_cafe]: 11 utterances (run spend 0.2323 USD)
2026-04-23 13:10:55 INFO    datagen | day 20/60 [minseok_cafe]: 12 utterances (run spend 0.2432 USD)
2026-04-23 13:11:16 INFO    datagen | day 21/60 [minseok_cafe]: 11 utterances (run spend 0.2441 USD)
2026-04-23 13:11:31 INFO    datagen | day 22/60 [minseok_cafe]: 12 utterances (run spend 0.2555 USD)
2026-04-23 13:11:49 INFO    datagen | day 23/60 [minseok_cafe]: 12 utterances (run spend 0.2563 USD)
2026-04-23 13:12:33 INFO    datagen | day 24/60 [minseok_cafe]: 12 utterances (run spend 0.2672 USD)
2026-04-23 13:12:49 INFO    datagen | day 25/60 [minseok_cafe]: 10 utterances (run spend 0.2680 USD)
2026-04-23 13:12:59 INFO    datagen | day 26/60 [minseok_cafe]: 12 utterances (run spend 0.2725 USD)
2026-04-23 13:13:13 INFO    datagen | day 27/60 [minseok_cafe]: 12 utterances (run spend 0.2836 USD)
2026-04-23 13:13:34 INFO    datagen | day 28/60 [minseok_cafe]: 11 utterances (run spend 0.2845 USD)
2026-04-23 13:13:47 INFO    datagen | day 29/60 [minseok_cafe]: 12 utterances (run spend 0.2956 USD)
2026-04-23 13:13:54 INFO    datagen | day 30/60 [minseok_cafe]: 12 utterances (run spend 0.2989 USD)
2026-04-23 13:14:17 INFO    datagen | day 31/60 [minseok_cafe]: 11 utterances (run spend 0.2997 USD)
2026-04-23 13:14:31 INFO    datagen | day 32/60 [minseok_cafe]: 12 utterances (run spend 0.3105 USD)
2026-04-23 13:14:39 INFO    datagen | day 33/60 [minseok_cafe]: 12 utterances (run spend 0.3142 USD)
2026-04-23 13:14:56 INFO    datagen | day 34/60 [minseok_cafe]: 10 utterances (run spend 0.3149 USD)
2026-04-23 13:15:09 INFO    datagen | day 35/60 [minseok_cafe]: 12 utterances (run spend 0.3192 USD)
2026-04-23 13:15:23 INFO    datagen | day 36/60 [minseok_cafe]: 12 utterances (run spend 0.3200 USD)
2026-04-23 13:15:42 INFO    datagen | day 37/60 [minseok_cafe]: 10 utterances (run spend 0.3233 USD)
2026-04-23 13:15:57 INFO    datagen | day 38/60 [minseok_cafe]: 12 utterances (run spend 0.3341 USD)
2026-04-23 13:16:14 INFO    datagen | day 39/60 [minseok_cafe]: 12 utterances (run spend 0.3350 USD)
2026-04-23 13:16:37 INFO    datagen | day 40/60 [minseok_cafe]: 12 utterances (run spend 0.3466 USD)
2026-04-23 13:16:59 WARNING src.datagen.utterance_gen | parse failed for minseok_cafe day=41 gen=g2_gpt4o_mini: Expecting ',' delimiter: line 8 column 49 (char 276)
2026-04-23 13:16:59 INFO    datagen | day 41/60 [minseok_cafe]: 0 utterances (run spend 0.3474 USD)
2026-04-23 13:17:12 INFO    datagen | day 42/60 [minseok_cafe]: 12 utterances (run spend 0.3579 USD)
2026-04-23 13:17:30 INFO    datagen | day 43/60 [minseok_cafe]: 12 utterances (run spend 0.3587 USD)
2026-04-23 13:17:40 INFO    datagen | day 44/60 [minseok_cafe]: 12 utterances (run spend 0.3629 USD)
2026-04-23 13:17:52 INFO    datagen | day 45/60 [minseok_cafe]: 12 utterances (run spend 0.3737 USD)
2026-04-23 13:18:01 INFO    datagen | day 46/60 [minseok_cafe]: 12 utterances (run spend 0.3775 USD)
2026-04-23 13:18:21 INFO    datagen | day 47/60 [minseok_cafe]: 12 utterances (run spend 0.3783 USD)
2026-04-23 13:18:30 INFO    datagen | day 48/60 [minseok_cafe]: 12 utterances (run spend 0.3821 USD)
2026-04-23 13:18:46 INFO    datagen | day 49/60 [minseok_cafe]: 12 utterances (run spend 0.3931 USD)
2026-04-23 13:18:54 INFO    datagen | day 50/60 [minseok_cafe]: 12 utterances (run spend 0.3970 USD)
2026-04-23 13:19:11 INFO    datagen | day 51/60 [minseok_cafe]: 12 utterances (run spend 0.3977 USD)
2026-04-23 13:19:23 INFO    datagen | day 52/60 [minseok_cafe]: 12 utterances (run spend 0.4084 USD)
2026-04-23 13:19:40 INFO    datagen | day 53/60 [minseok_cafe]: 11 utterances (run spend 0.4091 USD)
2026-04-23 13:19:49 INFO    datagen | day 54/60 [minseok_cafe]: 12 utterances (run spend 0.4129 USD)
2026-04-23 13:20:03 INFO    datagen | day 55/60 [minseok_cafe]: 12 utterances (run spend 0.4236 USD)
2026-04-23 13:20:12 INFO    datagen | day 56/60 [minseok_cafe]: 12 utterances (run spend 0.4272 USD)
2026-04-23 13:20:27 INFO    datagen | day 57/60 [minseok_cafe]: 12 utterances (run spend 0.4393 USD)
2026-04-23 13:20:48 INFO    datagen | day 58/60 [minseok_cafe]: 10 utterances (run spend 0.4400 USD)
2026-04-23 13:21:01 INFO    datagen | day 59/60 [minseok_cafe]: 12 utterances (run spend 0.4500 USD)
2026-04-23 13:21:10 INFO    datagen | day 60/60 [minseok_cafe]: 12 utterances (run spend 0.4540 USD)
2026-04-23 13:21:24 INFO    datagen | day 01/60 [sunhee_hair]: 12 utterances (run spend 0.4648 USD)
2026-04-23 13:21:36 INFO    datagen | day 02/60 [sunhee_hair]: 12 utterances (run spend 0.4656 USD)
2026-04-23 13:21:47 INFO    datagen | day 03/60 [sunhee_hair]: 12 utterances (run spend 0.4754 USD)
2026-04-23 13:22:05 INFO    datagen | day 04/60 [sunhee_hair]: 12 utterances (run spend 0.4763 USD)
2026-04-23 13:22:16 INFO    datagen | day 05/60 [sunhee_hair]: 12 utterances (run spend 0.4860 USD)
2026-04-23 13:22:24 INFO    datagen | day 06/60 [sunhee_hair]: 12 utterances (run spend 0.4900 USD)
2026-04-23 13:22:39 INFO    datagen | day 07/60 [sunhee_hair]: 11 utterances (run spend 0.4907 USD)
2026-04-23 13:22:49 INFO    datagen | day 08/60 [sunhee_hair]: 12 utterances (run spend 0.4946 USD)
2026-04-23 13:23:05 INFO    datagen | day 09/60 [sunhee_hair]: 12 utterances (run spend 0.5067 USD)
2026-04-23 13:23:18 INFO    datagen | day 10/60 [sunhee_hair]: 10 utterances (run spend 0.5074 USD)
2026-04-23 13:24:11 INFO    datagen | day 11/60 [sunhee_hair]: 12 utterances (run spend 0.5191 USD)
2026-04-23 13:24:22 INFO    datagen | day 12/60 [sunhee_hair]: 11 utterances (run spend 0.5199 USD)
2026-04-23 13:24:32 INFO    datagen | day 13/60 [sunhee_hair]: 12 utterances (run spend 0.5240 USD)
2026-04-23 13:24:44 INFO    datagen | day 14/60 [sunhee_hair]: 12 utterances (run spend 0.5248 USD)
2026-04-23 13:24:56 INFO    datagen | day 15/60 [sunhee_hair]: 12 utterances (run spend 0.5352 USD)
2026-04-23 13:25:11 INFO    datagen | day 16/60 [sunhee_hair]: 12 utterances (run spend 0.5361 USD)
2026-04-23 13:25:24 INFO    datagen | day 17/60 [sunhee_hair]: 12 utterances (run spend 0.5467 USD)
2026-04-23 13:25:36 INFO    datagen | day 18/60 [sunhee_hair]: 11 utterances (run spend 0.5475 USD)
2026-04-23 13:25:47 INFO    datagen | day 19/60 [sunhee_hair]: 12 utterances (run spend 0.5581 USD)
2026-04-23 13:26:00 INFO    datagen | day 20/60 [sunhee_hair]: 11 utterances (run spend 0.5588 USD)
2026-04-23 13:26:06 INFO    datagen | day 21/60 [sunhee_hair]: 8 utterances (run spend 0.5614 USD)
2026-04-23 13:26:17 INFO    datagen | day 22/60 [sunhee_hair]: 12 utterances (run spend 0.5621 USD)
2026-04-23 13:26:49 INFO    datagen | day 23/60 [sunhee_hair]: 12 utterances (run spend 0.5730 USD)
2026-04-23 13:27:01 INFO    datagen | day 24/60 [sunhee_hair]: 8 utterances (run spend 0.5736 USD)
2026-04-23 13:27:43 INFO    datagen | day 25/60 [sunhee_hair]: 12 utterances (run spend 0.5850 USD)
2026-04-23 13:27:55 INFO    datagen | day 26/60 [sunhee_hair]: 11 utterances (run spend 0.5858 USD)
2026-04-23 13:28:09 INFO    datagen | day 27/60 [sunhee_hair]: 12 utterances (run spend 0.5974 USD)
2026-04-23 13:28:19 INFO    datagen | day 28/60 [sunhee_hair]: 11 utterances (run spend 0.5982 USD)
2026-04-23 13:28:25 INFO    datagen | day 29/60 [sunhee_hair]: 10 utterances (run spend 0.6011 USD)
2026-04-23 13:28:38 INFO    datagen | day 30/60 [sunhee_hair]: 12 utterances (run spend 0.6115 USD)
2026-04-23 13:28:51 INFO    datagen | day 31/60 [sunhee_hair]: 12 utterances (run spend 0.6153 USD)
2026-04-23 13:29:03 INFO    datagen | day 32/60 [sunhee_hair]: 12 utterances (run spend 0.6161 USD)
2026-04-23 13:29:11 INFO    datagen | day 33/60 [sunhee_hair]: 12 utterances (run spend 0.6202 USD)
2026-04-23 13:29:26 INFO    datagen | day 34/60 [sunhee_hair]: 12 utterances (run spend 0.6212 USD)
2026-04-23 13:29:38 INFO    datagen | day 35/60 [sunhee_hair]: 12 utterances (run spend 0.6317 USD)
2026-04-23 13:29:56 INFO    datagen | day 36/60 [sunhee_hair]: 8 utterances (run spend 0.6342 USD)
2026-04-23 13:30:10 INFO    datagen | day 37/60 [sunhee_hair]: 11 utterances (run spend 0.6350 USD)
2026-04-23 13:30:20 INFO    datagen | day 38/60 [sunhee_hair]: 12 utterances (run spend 0.6394 USD)
2026-04-23 13:31:14 INFO    datagen | day 39/60 [sunhee_hair]: 12 utterances (run spend 0.6494 USD)
2026-04-23 13:31:22 INFO    datagen | day 40/60 [sunhee_hair]: 12 utterances (run spend 0.6534 USD)
2026-04-23 13:31:39 INFO    datagen | day 41/60 [sunhee_hair]: 12 utterances (run spend 0.6645 USD)
2026-04-23 13:31:46 INFO    datagen | day 42/60 [sunhee_hair]: 12 utterances (run spend 0.6682 USD)
2026-04-23 13:31:58 INFO    datagen | day 43/60 [sunhee_hair]: 12 utterances (run spend 0.6689 USD)
2026-04-23 13:32:27 INFO    datagen | day 44/60 [sunhee_hair]: 12 utterances (run spend 0.6727 USD)
2026-04-23 13:32:37 INFO    datagen | day 45/60 [sunhee_hair]: 12 utterances (run spend 0.6733 USD)
2026-04-23 13:32:56 INFO    datagen | day 46/60 [sunhee_hair]: 9 utterances (run spend 0.6767 USD)
2026-04-23 13:33:09 INFO    datagen | day 47/60 [sunhee_hair]: 11 utterances (run spend 0.6775 USD)
2026-04-23 13:33:23 INFO    datagen | day 48/60 [sunhee_hair]: 12 utterances (run spend 0.6887 USD)
2026-04-23 13:33:36 INFO    datagen | day 49/60 [sunhee_hair]: 11 utterances (run spend 0.6895 USD)
2026-04-23 13:33:48 INFO    datagen | day 50/60 [sunhee_hair]: 12 utterances (run spend 0.7000 USD)
2026-04-23 13:33:59 INFO    datagen | day 51/60 [sunhee_hair]: 10 utterances (run spend 0.7007 USD)
2026-04-23 13:34:11 INFO    datagen | day 52/60 [sunhee_hair]: 12 utterances (run spend 0.7107 USD)
2026-04-23 13:34:18 INFO    datagen | day 53/60 [sunhee_hair]: 9 utterances (run spend 0.7141 USD)
2026-04-23 13:34:31 INFO    datagen | day 54/60 [sunhee_hair]: 12 utterances (run spend 0.7255 USD)
2026-04-23 13:34:35 WARNING src.datagen.utterance_gen | parse failed for sunhee_hair day=55 gen=g3_gemini_flash: Unterminated string starting at: line 5 column 15 (char 63)
2026-04-23 13:34:36 INFO    datagen | day 55/60 [sunhee_hair]: 0 utterances (run spend 0.7261 USD)
2026-04-23 13:35:09 INFO    datagen | day 56/60 [sunhee_hair]: 12 utterances (run spend 0.7370 USD)
2026-04-23 13:35:17 INFO    datagen | day 57/60 [sunhee_hair]: 12 utterances (run spend 0.7410 USD)
2026-04-23 13:35:36 INFO    datagen | day 58/60 [sunhee_hair]: 12 utterances (run spend 0.7523 USD)
2026-04-23 13:35:48 INFO    datagen | day 59/60 [sunhee_hair]: 10 utterances (run spend 0.7530 USD)
2026-04-23 13:36:09 INFO    datagen | day 60/60 [sunhee_hair]: 12 utterances (run spend 0.7572 USD)
2026-04-23 13:36:09 INFO    datagen | DONE: 2046 utterances across 3 personas -> data/raw/utterances.jsonl
