2026-04-23 17:17:03 INFO    judge | found 36 (item, sut, condition) REFL triples
2026-04-23 17:17:09 INFO    judge | judged ko_native_020 kanana_nano retrieval  spend=0.0024
2026-04-23 17:17:15 INFO    judge | judged ko_native_020 kanana_nano oracle  spend=0.0047
2026-04-23 17:17:21 INFO    judge | judged ko_native_026 kanana_nano retrieval  spend=0.0069
2026-04-23 17:17:27 INFO    judge | judged ko_native_026 kanana_nano oracle  spend=0.0091
2026-04-23 17:17:33 INFO    judge | judged ko_native_039 kanana_nano retrieval  spend=0.0113
2026-04-23 17:17:38 INFO    judge | judged ko_native_039 kanana_nano oracle  spend=0.0136
2026-04-23 17:17:44 INFO    judge | judged ko_native_073 kanana_nano retrieval  spend=0.0160
2026-04-23 17:17:49 INFO    judge | judged ko_native_073 kanana_nano oracle  spend=0.0182
2026-04-23 17:17:54 INFO    judge | judged ko_native_091 kanana_nano retrieval  spend=0.0205
2026-04-23 17:18:00 INFO    judge | judged ko_native_091 kanana_nano oracle  spend=0.0230
2026-04-23 17:18:05 INFO    judge | judged ko_native_112 kanana_nano retrieval  spend=0.0253
2026-04-23 17:18:11 INFO    judge | judged ko_native_112 kanana_nano oracle  spend=0.0278
2026-04-23 17:18:17 INFO    judge | judged ko_native_020 qwen25_3b retrieval  spend=0.0298
2026-04-23 17:18:23 INFO    judge | judged ko_native_020 qwen25_3b oracle  spend=0.0314
2026-04-23 17:18:29 INFO    judge | judged ko_native_026 qwen25_3b retrieval  spend=0.0335
2026-04-23 17:18:34 INFO    judge | judged ko_native_026 qwen25_3b oracle  spend=0.0353
2026-04-23 17:18:41 INFO    judge | judged ko_native_039 qwen25_3b retrieval  spend=0.0374
2026-04-23 17:18:47 INFO    judge | judged ko_native_039 qwen25_3b oracle  spend=0.0396
2026-04-23 17:18:56 INFO    judge | judged ko_native_073 qwen25_3b retrieval  spend=0.0417
2026-04-23 17:19:02 INFO    judge | judged ko_native_073 qwen25_3b oracle  spend=0.0433
2026-04-23 17:19:08 INFO    judge | judged ko_native_091 qwen25_3b retrieval  spend=0.0454
2026-04-23 17:19:13 INFO    judge | judged ko_native_091 qwen25_3b oracle  spend=0.0473
2026-04-23 17:19:18 INFO    judge | judged ko_native_112 qwen25_3b retrieval  spend=0.0492
2026-04-23 17:19:25 INFO    judge | judged ko_native_112 qwen25_3b oracle  spend=0.0511
2026-04-23 17:19:25 INFO    judge | DONE: 96 verdicts -> experiments/20260423_1610_day3_sweep/judge_verdicts.jsonl
2026-04-23 17:19:25 INFO    judge | aggregate -> experiments/20260423_1610_day3_sweep/judge_aggregate.json
