2026-04-26 12:42:05 INFO    sweep | loading embedder…
2026-04-26 12:42:12 INFO    sweep | loading SUT kanana_nano (kakaocorp/kanana-1.5-2.1b-instruct-2505, fp16)…
2026-04-26 12:42:16 INFO    sweep |   loaded params=2.09B device=cuda:0
2026-04-26 12:42:16 INFO    src.eval.runner | track=ko_native items=70 SUT=kanana_nano
2026-04-26 12:43:13 INFO    src.eval.runner | runs=20  elapsed=57s  rate=0.35/s
2026-04-26 12:43:56 INFO    src.eval.runner | runs=40  elapsed=100s  rate=0.40/s
2026-04-26 12:44:32 INFO    src.eval.runner | runs=60  elapsed=136s  rate=0.44/s
2026-04-26 12:45:11 INFO    src.eval.runner | runs=80  elapsed=175s  rate=0.46/s
2026-04-26 12:45:49 INFO    src.eval.runner | runs=100  elapsed=213s  rate=0.47/s
2026-04-26 12:46:30 INFO    src.eval.runner | runs=120  elapsed=254s  rate=0.47/s
2026-04-26 12:47:10 INFO    src.eval.runner | runs=140  elapsed=294s  rate=0.48/s
2026-04-26 12:47:48 INFO    src.eval.runner | runs=160  elapsed=332s  rate=0.48/s
2026-04-26 12:48:23 INFO    src.eval.runner | runs=180  elapsed=367s  rate=0.49/s
2026-04-26 12:49:01 INFO    src.eval.runner | runs=200  elapsed=405s  rate=0.49/s
2026-04-26 12:49:38 INFO    src.eval.runner | runs=220  elapsed=442s  rate=0.50/s
2026-04-26 12:50:15 INFO    src.eval.runner | runs=240  elapsed=479s  rate=0.50/s
2026-04-26 12:50:52 INFO    src.eval.runner | runs=260  elapsed=516s  rate=0.50/s
2026-04-26 12:51:34 INFO    src.eval.runner | runs=280  elapsed=559s  rate=0.50/s
2026-04-26 12:52:13 INFO    src.eval.runner | runs=300  elapsed=597s  rate=0.50/s
2026-04-26 12:52:56 INFO    src.eval.runner | runs=320  elapsed=640s  rate=0.50/s
2026-04-26 12:53:32 INFO    src.eval.runner | runs=340  elapsed=676s  rate=0.50/s
2026-04-26 12:53:48 INFO    src.eval.runner | sweep DONE: 350 total runs, 692s wall
2026-04-26 12:53:48 INFO    src.eval.runner | track=en_subset items=100 SUT=kanana_nano
2026-04-26 12:54:20 INFO    src.eval.runner | runs=20  elapsed=32s  rate=0.63/s
2026-04-26 12:54:55 INFO    src.eval.runner | runs=40  elapsed=67s  rate=0.60/s
2026-04-26 12:55:30 INFO    src.eval.runner | runs=60  elapsed=101s  rate=0.59/s
2026-04-26 12:55:54 INFO    src.eval.runner | runs=80  elapsed=126s  rate=0.64/s
2026-04-26 12:56:24 INFO    src.eval.runner | runs=100  elapsed=156s  rate=0.64/s
2026-04-26 12:57:02 INFO    src.eval.runner | runs=120  elapsed=194s  rate=0.62/s
2026-04-26 12:57:37 INFO    src.eval.runner | runs=140  elapsed=229s  rate=0.61/s
2026-04-26 12:58:10 INFO    src.eval.runner | runs=160  elapsed=262s  rate=0.61/s
2026-04-26 12:59:04 INFO    src.eval.runner | runs=180  elapsed=316s  rate=0.57/s
2026-04-26 12:59:53 INFO    src.eval.runner | runs=200  elapsed=365s  rate=0.55/s
2026-04-26 13:00:43 INFO    src.eval.runner | runs=220  elapsed=415s  rate=0.53/s
2026-04-26 13:01:26 INFO    src.eval.runner | runs=240  elapsed=458s  rate=0.52/s
2026-04-26 13:02:08 INFO    src.eval.runner | runs=260  elapsed=500s  rate=0.52/s
2026-04-26 13:02:44 INFO    src.eval.runner | runs=280  elapsed=536s  rate=0.52/s
2026-04-26 13:03:12 INFO    src.eval.runner | runs=300  elapsed=564s  rate=0.53/s
2026-04-26 13:03:47 INFO    src.eval.runner | runs=320  elapsed=599s  rate=0.53/s
2026-04-26 13:04:18 INFO    src.eval.runner | runs=340  elapsed=630s  rate=0.54/s
2026-04-26 13:04:51 INFO    src.eval.runner | runs=360  elapsed=663s  rate=0.54/s
2026-04-26 13:05:25 INFO    src.eval.runner | runs=380  elapsed=697s  rate=0.55/s
2026-04-26 13:05:53 INFO    src.eval.runner | runs=400  elapsed=724s  rate=0.55/s
2026-04-26 13:06:29 INFO    src.eval.runner | runs=420  elapsed=761s  rate=0.55/s
2026-04-26 13:07:04 INFO    src.eval.runner | runs=440  elapsed=796s  rate=0.55/s
2026-04-26 13:07:44 INFO    src.eval.runner | runs=460  elapsed=836s  rate=0.55/s
2026-04-26 13:08:25 INFO    src.eval.runner | runs=480  elapsed=877s  rate=0.55/s
2026-04-26 13:09:07 INFO    src.eval.runner | runs=500  elapsed=919s  rate=0.54/s
2026-04-26 13:09:07 INFO    src.eval.runner | sweep DONE: 500 total runs, 919s wall
2026-04-26 13:09:08 INFO    src.eval.runner | track=ko_translated items=100 SUT=kanana_nano
2026-04-26 13:09:52 INFO    src.eval.runner | runs=20  elapsed=45s  rate=0.45/s
2026-04-26 13:10:50 INFO    src.eval.runner | runs=40  elapsed=103s  rate=0.39/s
2026-04-26 13:11:34 INFO    src.eval.runner | runs=60  elapsed=147s  rate=0.41/s
2026-04-26 13:12:23 INFO    src.eval.runner | runs=80  elapsed=196s  rate=0.41/s
2026-04-26 13:13:19 INFO    src.eval.runner | runs=100  elapsed=252s  rate=0.40/s
2026-04-26 13:14:14 INFO    src.eval.runner | runs=120  elapsed=307s  rate=0.39/s
2026-04-26 13:15:11 INFO    src.eval.runner | runs=140  elapsed=364s  rate=0.39/s
2026-04-26 13:16:07 INFO    src.eval.runner | runs=160  elapsed=420s  rate=0.38/s
2026-04-26 13:17:13 INFO    src.eval.runner | runs=180  elapsed=486s  rate=0.37/s
2026-04-26 13:18:19 INFO    src.eval.runner | runs=200  elapsed=552s  rate=0.36/s
2026-04-26 13:19:18 INFO    src.eval.runner | runs=220  elapsed=611s  rate=0.36/s
2026-04-26 13:20:08 INFO    src.eval.runner | runs=240  elapsed=661s  rate=0.36/s
2026-04-26 13:21:02 INFO    src.eval.runner | runs=260  elapsed=715s  rate=0.36/s
2026-04-26 13:21:54 INFO    src.eval.runner | runs=280  elapsed=767s  rate=0.37/s
2026-04-26 13:22:40 INFO    src.eval.runner | runs=300  elapsed=813s  rate=0.37/s
2026-04-26 13:23:19 INFO    src.eval.runner | runs=320  elapsed=852s  rate=0.38/s
2026-04-26 13:24:07 INFO    src.eval.runner | runs=340  elapsed=900s  rate=0.38/s
2026-04-26 13:24:56 INFO    src.eval.runner | runs=360  elapsed=949s  rate=0.38/s
2026-04-26 13:25:45 INFO    src.eval.runner | runs=380  elapsed=997s  rate=0.38/s
2026-04-26 13:26:30 INFO    src.eval.runner | runs=400  elapsed=1043s  rate=0.38/s
2026-04-26 13:27:24 INFO    src.eval.runner | runs=420  elapsed=1097s  rate=0.38/s
2026-04-26 13:28:17 INFO    src.eval.runner | runs=440  elapsed=1150s  rate=0.38/s
2026-04-26 13:29:08 INFO    src.eval.runner | runs=460  elapsed=1201s  rate=0.38/s
2026-04-26 13:29:48 INFO    src.eval.runner | runs=480  elapsed=1241s  rate=0.39/s
2026-04-26 13:30:36 INFO    src.eval.runner | runs=500  elapsed=1289s  rate=0.39/s
2026-04-26 13:30:36 INFO    src.eval.runner | sweep DONE: 500 total runs, 1289s wall
2026-04-26 13:30:36 INFO    sweep | loading SUT kanana_nano_int4 (kakaocorp/kanana-1.5-2.1b-instruct-2505, int4)…
2026-04-26 13:30:44 INFO    sweep |   loaded params=1.16B device=cuda:0
2026-04-26 13:30:44 INFO    src.eval.runner | track=ko_native items=70 SUT=kanana_nano_int4
2026-04-26 13:32:13 INFO    src.eval.runner | runs=20  elapsed=89s  rate=0.22/s
2026-04-26 13:33:39 INFO    src.eval.runner | runs=40  elapsed=175s  rate=0.23/s
2026-04-26 13:35:02 INFO    src.eval.runner | runs=60  elapsed=258s  rate=0.23/s
2026-04-26 13:36:31 INFO    src.eval.runner | runs=80  elapsed=347s  rate=0.23/s
2026-04-26 13:37:50 INFO    src.eval.runner | runs=100  elapsed=426s  rate=0.23/s
2026-04-26 13:39:15 INFO    src.eval.runner | runs=120  elapsed=511s  rate=0.23/s
2026-04-26 13:40:40 INFO    src.eval.runner | runs=140  elapsed=596s  rate=0.24/s
2026-04-26 13:41:57 INFO    src.eval.runner | runs=160  elapsed=673s  rate=0.24/s
2026-04-26 13:43:12 INFO    src.eval.runner | runs=180  elapsed=748s  rate=0.24/s
2026-04-26 13:44:37 INFO    src.eval.runner | runs=200  elapsed=832s  rate=0.24/s
2026-04-26 13:45:59 INFO    src.eval.runner | runs=220  elapsed=915s  rate=0.24/s
2026-04-26 13:47:26 INFO    src.eval.runner | runs=240  elapsed=1002s  rate=0.24/s
2026-04-26 13:48:41 INFO    src.eval.runner | runs=260  elapsed=1077s  rate=0.24/s
2026-04-26 13:50:05 INFO    src.eval.runner | runs=280  elapsed=1161s  rate=0.24/s
2026-04-26 13:51:30 INFO    src.eval.runner | runs=300  elapsed=1246s  rate=0.24/s
2026-04-26 13:52:57 INFO    src.eval.runner | runs=320  elapsed=1333s  rate=0.24/s
2026-04-26 13:54:18 INFO    src.eval.runner | runs=340  elapsed=1414s  rate=0.24/s
2026-04-26 13:54:53 INFO    src.eval.runner | sweep DONE: 350 total runs, 1449s wall
2026-04-26 13:54:53 INFO    src.eval.runner | track=en_subset items=100 SUT=kanana_nano_int4
2026-04-26 13:56:03 INFO    src.eval.runner | runs=20  elapsed=70s  rate=0.29/s
2026-04-26 13:57:09 INFO    src.eval.runner | runs=40  elapsed=136s  rate=0.29/s
2026-04-26 13:58:05 INFO    src.eval.runner | runs=60  elapsed=192s  rate=0.31/s
2026-04-26 13:59:01 INFO    src.eval.runner | runs=80  elapsed=248s  rate=0.32/s
2026-04-26 13:59:51 INFO    src.eval.runner | runs=100  elapsed=298s  rate=0.34/s
2026-04-26 14:01:12 INFO    src.eval.runner | runs=120  elapsed=379s  rate=0.32/s
2026-04-26 14:02:21 INFO    src.eval.runner | runs=140  elapsed=448s  rate=0.31/s
2026-04-26 14:03:22 INFO    src.eval.runner | runs=160  elapsed=509s  rate=0.31/s
2026-04-26 14:05:02 INFO    src.eval.runner | runs=180  elapsed=609s  rate=0.30/s
2026-04-26 14:06:35 INFO    src.eval.runner | runs=200  elapsed=701s  rate=0.29/s
2026-04-26 14:08:01 INFO    src.eval.runner | runs=220  elapsed=788s  rate=0.28/s
2026-04-26 14:09:29 INFO    src.eval.runner | runs=240  elapsed=875s  rate=0.27/s
2026-04-26 14:10:37 INFO    src.eval.runner | runs=260  elapsed=944s  rate=0.28/s
2026-04-26 14:11:54 INFO    src.eval.runner | runs=280  elapsed=1020s  rate=0.27/s
2026-04-26 14:12:54 INFO    src.eval.runner | runs=300  elapsed=1081s  rate=0.28/s
2026-04-26 14:14:01 INFO    src.eval.runner | runs=320  elapsed=1148s  rate=0.28/s
2026-04-26 14:14:55 INFO    src.eval.runner | runs=340  elapsed=1202s  rate=0.28/s
2026-04-26 14:15:42 INFO    src.eval.runner | runs=360  elapsed=1248s  rate=0.29/s
2026-04-26 14:16:48 INFO    src.eval.runner | runs=380  elapsed=1314s  rate=0.29/s
2026-04-26 14:17:35 INFO    src.eval.runner | runs=400  elapsed=1362s  rate=0.29/s
2026-04-26 14:18:52 INFO    src.eval.runner | runs=420  elapsed=1439s  rate=0.29/s
2026-04-26 14:20:05 INFO    src.eval.runner | runs=440  elapsed=1512s  rate=0.29/s
2026-04-26 14:21:31 INFO    src.eval.runner | runs=460  elapsed=1598s  rate=0.29/s
2026-04-26 14:22:55 INFO    src.eval.runner | runs=480  elapsed=1682s  rate=0.29/s
2026-04-26 14:24:09 INFO    src.eval.runner | runs=500  elapsed=1756s  rate=0.28/s
2026-04-26 14:24:09 INFO    src.eval.runner | sweep DONE: 500 total runs, 1756s wall
2026-04-26 14:24:09 INFO    src.eval.runner | track=ko_translated items=100 SUT=kanana_nano_int4
2026-04-26 14:25:32 INFO    src.eval.runner | runs=20  elapsed=82s  rate=0.24/s
2026-04-26 14:27:09 INFO    src.eval.runner | runs=40  elapsed=180s  rate=0.22/s
2026-04-26 14:28:34 INFO    src.eval.runner | runs=60  elapsed=265s  rate=0.23/s
2026-04-26 14:30:01 INFO    src.eval.runner | runs=80  elapsed=352s  rate=0.23/s
2026-04-26 14:31:23 INFO    src.eval.runner | runs=100  elapsed=434s  rate=0.23/s
2026-04-26 14:32:56 INFO    src.eval.runner | runs=120  elapsed=527s  rate=0.23/s
2026-04-26 14:34:31 INFO    src.eval.runner | runs=140  elapsed=622s  rate=0.22/s
2026-04-26 14:36:12 INFO    src.eval.runner | runs=160  elapsed=723s  rate=0.22/s
2026-04-26 14:38:01 INFO    src.eval.runner | runs=180  elapsed=832s  rate=0.22/s
2026-04-26 14:39:49 INFO    src.eval.runner | runs=200  elapsed=940s  rate=0.21/s
2026-04-26 14:41:37 INFO    src.eval.runner | runs=220  elapsed=1048s  rate=0.21/s
2026-04-26 14:43:06 INFO    src.eval.runner | runs=240  elapsed=1137s  rate=0.21/s
2026-04-26 14:44:43 INFO    src.eval.runner | runs=260  elapsed=1234s  rate=0.21/s
2026-04-26 14:46:11 INFO    src.eval.runner | runs=280  elapsed=1322s  rate=0.21/s
2026-04-26 14:47:32 INFO    src.eval.runner | runs=300  elapsed=1403s  rate=0.21/s
2026-04-26 14:48:58 INFO    src.eval.runner | runs=320  elapsed=1489s  rate=0.21/s
2026-04-26 14:50:31 INFO    src.eval.runner | runs=340  elapsed=1582s  rate=0.21/s
2026-04-26 14:51:58 INFO    src.eval.runner | runs=360  elapsed=1669s  rate=0.22/s
2026-04-26 14:53:34 INFO    src.eval.runner | runs=380  elapsed=1765s  rate=0.22/s
2026-04-26 14:55:10 INFO    src.eval.runner | runs=400  elapsed=1861s  rate=0.21/s
2026-04-26 14:56:42 INFO    src.eval.runner | runs=420  elapsed=1953s  rate=0.22/s
2026-04-26 14:58:18 INFO    src.eval.runner | runs=440  elapsed=2049s  rate=0.21/s
2026-04-26 15:00:01 INFO    src.eval.runner | runs=460  elapsed=2152s  rate=0.21/s
2026-04-26 15:01:33 INFO    src.eval.runner | runs=480  elapsed=2244s  rate=0.21/s
2026-04-26 15:02:57 INFO    src.eval.runner | runs=500  elapsed=2328s  rate=0.21/s
2026-04-26 15:02:57 INFO    src.eval.runner | sweep DONE: 500 total runs, 2328s wall
2026-04-26 15:02:57 INFO    sweep | loading SUT kanana_8b (kakaocorp/kanana-1.5-8b-instruct-2505, fp16)…
Loading checkpoint shards:   0%|          | 0/4 [00:00<?, ?it/s]Loading checkpoint shards:  25%|██▌       | 1/4 [00:07<00:22,  7.54s/it]Loading checkpoint shards:  50%|█████     | 2/4 [00:20<00:21, 10.66s/it]Loading checkpoint shards:  75%|███████▌  | 3/4 [00:35<00:12, 12.86s/it]Loading checkpoint shards: 100%|██████████| 4/4 [00:41<00:00,  9.83s/it]Loading checkpoint shards: 100%|██████████| 4/4 [00:41<00:00, 10.26s/it]
2026-04-26 15:03:42 INFO    sweep |   loaded params=8.03B device=cuda:0
2026-04-26 15:03:42 INFO    src.eval.runner | track=ko_native items=70 SUT=kanana_8b
2026-04-26 15:04:48 INFO    src.eval.runner | runs=20  elapsed=66s  rate=0.30/s
2026-04-26 15:06:00 INFO    src.eval.runner | runs=40  elapsed=138s  rate=0.29/s
2026-04-26 15:06:57 INFO    src.eval.runner | runs=60  elapsed=196s  rate=0.31/s
2026-04-26 15:08:00 INFO    src.eval.runner | runs=80  elapsed=258s  rate=0.31/s
2026-04-26 15:08:59 INFO    src.eval.runner | runs=100  elapsed=318s  rate=0.31/s
2026-04-26 15:10:09 INFO    src.eval.runner | runs=120  elapsed=387s  rate=0.31/s
2026-04-26 15:11:13 INFO    src.eval.runner | runs=140  elapsed=452s  rate=0.31/s
2026-04-26 15:12:26 INFO    src.eval.runner | runs=160  elapsed=525s  rate=0.30/s
2026-04-26 15:13:27 INFO    src.eval.runner | runs=180  elapsed=586s  rate=0.31/s
2026-04-26 15:14:32 INFO    src.eval.runner | runs=200  elapsed=650s  rate=0.31/s
2026-04-26 15:15:31 INFO    src.eval.runner | runs=220  elapsed=710s  rate=0.31/s
2026-04-26 15:16:34 INFO    src.eval.runner | runs=240  elapsed=772s  rate=0.31/s
2026-04-26 15:17:33 INFO    src.eval.runner | runs=260  elapsed=832s  rate=0.31/s
2026-04-26 15:18:43 INFO    src.eval.runner | runs=280  elapsed=901s  rate=0.31/s
2026-04-26 15:19:44 INFO    src.eval.runner | runs=300  elapsed=962s  rate=0.31/s
2026-04-26 15:20:59 INFO    src.eval.runner | runs=320  elapsed=1037s  rate=0.31/s
2026-04-26 15:22:00 INFO    src.eval.runner | runs=340  elapsed=1099s  rate=0.31/s
2026-04-26 15:22:33 INFO    src.eval.runner | sweep DONE: 350 total runs, 1131s wall
2026-04-26 15:22:33 INFO    src.eval.runner | track=en_subset items=100 SUT=kanana_8b
2026-04-26 15:23:35 INFO    src.eval.runner | runs=20  elapsed=63s  rate=0.32/s
2026-04-26 15:24:40 INFO    src.eval.runner | runs=40  elapsed=127s  rate=0.32/s
2026-04-26 15:25:45 INFO    src.eval.runner | runs=60  elapsed=193s  rate=0.31/s
2026-04-26 15:26:22 INFO    src.eval.runner | runs=80  elapsed=229s  rate=0.35/s
2026-04-26 15:27:15 INFO    src.eval.runner | runs=100  elapsed=282s  rate=0.35/s
2026-04-26 15:28:19 INFO    src.eval.runner | runs=120  elapsed=346s  rate=0.35/s
2026-04-26 15:29:34 INFO    src.eval.runner | runs=140  elapsed=421s  rate=0.33/s
2026-04-26 15:31:03 INFO    src.eval.runner | runs=160  elapsed=510s  rate=0.31/s
2026-04-26 15:32:33 INFO    src.eval.runner | runs=180  elapsed=600s  rate=0.30/s
2026-04-26 15:34:14 INFO    src.eval.runner | runs=200  elapsed=701s  rate=0.29/s
2026-04-26 15:35:44 INFO    src.eval.runner | runs=220  elapsed=791s  rate=0.28/s
2026-04-26 15:37:02 INFO    src.eval.runner | runs=240  elapsed=869s  rate=0.28/s
2026-04-26 15:37:57 INFO    src.eval.runner | runs=260  elapsed=925s  rate=0.28/s
2026-04-26 15:39:11 INFO    src.eval.runner | runs=280  elapsed=998s  rate=0.28/s
2026-04-26 15:40:17 INFO    src.eval.runner | runs=300  elapsed=1064s  rate=0.28/s
2026-04-26 15:41:20 INFO    src.eval.runner | runs=320  elapsed=1128s  rate=0.28/s
2026-04-26 15:42:12 INFO    src.eval.runner | runs=340  elapsed=1179s  rate=0.29/s
2026-04-26 15:43:12 INFO    src.eval.runner | runs=360  elapsed=1239s  rate=0.29/s
2026-04-26 15:44:20 INFO    src.eval.runner | runs=380  elapsed=1307s  rate=0.29/s
2026-04-26 15:45:23 INFO    src.eval.runner | runs=400  elapsed=1370s  rate=0.29/s
2026-04-26 15:46:27 INFO    src.eval.runner | runs=420  elapsed=1434s  rate=0.29/s
2026-04-26 15:47:31 INFO    src.eval.runner | runs=440  elapsed=1498s  rate=0.29/s
2026-04-26 15:48:49 INFO    src.eval.runner | runs=460  elapsed=1576s  rate=0.29/s
2026-04-26 15:50:08 INFO    src.eval.runner | runs=480  elapsed=1655s  rate=0.29/s
2026-04-26 15:51:20 INFO    src.eval.runner | runs=500  elapsed=1727s  rate=0.29/s
2026-04-26 15:51:20 INFO    src.eval.runner | sweep DONE: 500 total runs, 1727s wall
2026-04-26 15:51:20 INFO    src.eval.runner | track=ko_translated items=100 SUT=kanana_8b
2026-04-26 15:52:47 INFO    src.eval.runner | runs=20  elapsed=87s  rate=0.23/s
2026-04-26 15:54:14 INFO    src.eval.runner | runs=40  elapsed=175s  rate=0.23/s
2026-04-26 15:55:39 INFO    src.eval.runner | runs=60  elapsed=259s  rate=0.23/s
2026-04-26 15:57:13 INFO    src.eval.runner | runs=80  elapsed=353s  rate=0.23/s
2026-04-26 15:58:49 INFO    src.eval.runner | runs=100  elapsed=449s  rate=0.22/s
2026-04-26 16:00:16 INFO    src.eval.runner | runs=120  elapsed=536s  rate=0.22/s
2026-04-26 16:01:50 INFO    src.eval.runner | runs=140  elapsed=630s  rate=0.22/s
2026-04-26 16:03:27 INFO    src.eval.runner | runs=160  elapsed=727s  rate=0.22/s
2026-04-26 16:05:17 INFO    src.eval.runner | runs=180  elapsed=837s  rate=0.21/s
2026-04-26 16:07:25 INFO    src.eval.runner | runs=200  elapsed=965s  rate=0.21/s
2026-04-26 16:09:08 INFO    src.eval.runner | runs=220  elapsed=1068s  rate=0.21/s
2026-04-26 16:10:53 INFO    src.eval.runner | runs=240  elapsed=1174s  rate=0.20/s
2026-04-26 16:12:22 INFO    src.eval.runner | runs=260  elapsed=1262s  rate=0.21/s
2026-04-26 16:13:55 INFO    src.eval.runner | runs=280  elapsed=1355s  rate=0.21/s
