2026-04-27 04:24:24 INFO    judge | found 198 (item, sut, condition) REFL triples
2026-04-27 04:24:25 INFO    judge | judged ko_native_020 kanana_nano retrieval  spend=0.0000
2026-04-27 04:24:26 INFO    judge | judged ko_native_020 kanana_nano oracle  spend=0.0000
2026-04-27 04:24:27 INFO    judge | judged ko_native_026 kanana_nano retrieval  spend=0.0000
2026-04-27 04:24:28 INFO    judge | judged ko_native_026 kanana_nano oracle  spend=0.0000
2026-04-27 04:24:29 INFO    judge | judged ko_native_039 kanana_nano retrieval  spend=0.0000
2026-04-27 04:24:29 INFO    judge | judged ko_native_039 kanana_nano oracle  spend=0.0000
2026-04-27 04:24:30 INFO    judge | judged ko_native_073 kanana_nano retrieval  spend=0.0000
2026-04-27 04:24:31 INFO    judge | judged ko_native_073 kanana_nano oracle  spend=0.0000
2026-04-27 04:24:32 INFO    judge | judged ko_native_091 kanana_nano retrieval  spend=0.0000
2026-04-27 04:24:33 INFO    judge | judged ko_native_091 kanana_nano oracle  spend=0.0000
2026-04-27 04:24:33 INFO    judge | judged ko_native_112 kanana_nano retrieval  spend=0.0000
2026-04-27 04:24:34 INFO    judge | judged ko_native_112 kanana_nano oracle  spend=0.0000
2026-04-27 04:24:41 INFO    judge | judged ko_native_020 kanana_nano_int4 retrieval  spend=0.0023
2026-04-27 04:24:48 INFO    judge | judged ko_native_020 kanana_nano_int4 oracle  spend=0.0046
2026-04-27 04:24:55 INFO    judge | judged ko_native_026 kanana_nano_int4 retrieval  spend=0.0070
2026-04-27 04:25:02 INFO    judge | judged ko_native_026 kanana_nano_int4 oracle  spend=0.0092
2026-04-27 04:25:07 INFO    judge | judged ko_native_039 kanana_nano_int4 retrieval  spend=0.0115
2026-04-27 04:25:13 INFO    judge | judged ko_native_039 kanana_nano_int4 oracle  spend=0.0137
2026-04-27 04:25:19 INFO    judge | judged ko_native_073 kanana_nano_int4 retrieval  spend=0.0163
2026-04-27 04:25:24 INFO    judge | judged ko_native_073 kanana_nano_int4 oracle  spend=0.0186
2026-04-27 04:25:29 INFO    judge | judged ko_native_091 kanana_nano_int4 retrieval  spend=0.0210
2026-04-27 04:25:35 INFO    judge | judged ko_native_091 kanana_nano_int4 oracle  spend=0.0233
2026-04-27 04:25:42 INFO    judge | judged ko_native_112 kanana_nano_int4 retrieval  spend=0.0258
2026-04-27 04:25:49 INFO    judge | judged ko_native_112 kanana_nano_int4 oracle  spend=0.0282
2026-04-27 04:25:55 INFO    judge | judged ko_native_020 qwen25_3b retrieval  spend=0.0303
2026-04-27 04:25:59 INFO    judge | judged ko_native_020 qwen25_3b oracle  spend=0.0319
2026-04-27 04:26:06 INFO    judge | judged ko_native_026 qwen25_3b retrieval  spend=0.0340
2026-04-27 04:26:12 INFO    judge | judged ko_native_026 qwen25_3b oracle  spend=0.0358
2026-04-27 04:26:17 INFO    judge | judged ko_native_039 qwen25_3b retrieval  spend=0.0379
2026-04-27 04:26:23 INFO    judge | judged ko_native_039 qwen25_3b oracle  spend=0.0401
2026-04-27 04:26:29 INFO    judge | judged ko_native_073 qwen25_3b retrieval  spend=0.0421
2026-04-27 04:26:34 INFO    judge | judged ko_native_073 qwen25_3b oracle  spend=0.0438
2026-04-27 04:26:40 INFO    judge | judged ko_native_091 qwen25_3b retrieval  spend=0.0458
2026-04-27 04:26:45 INFO    judge | judged ko_native_091 qwen25_3b oracle  spend=0.0477
2026-04-27 04:26:50 INFO    judge | judged ko_native_112 qwen25_3b retrieval  spend=0.0497
2026-04-27 04:26:57 INFO    judge | judged ko_native_112 qwen25_3b oracle  spend=0.0516
2026-04-27 04:27:02 INFO    judge | judged ko_native_020 qwen25_3b_int4 retrieval  spend=0.0535
2026-04-27 04:27:07 INFO    judge | judged ko_native_020 qwen25_3b_int4 oracle  spend=0.0553
2026-04-27 04:27:17 INFO    judge | judged ko_native_026 qwen25_3b_int4 retrieval  spend=0.0574
2026-04-27 04:27:23 INFO    judge | judged ko_native_026 qwen25_3b_int4 oracle  spend=0.0593
2026-04-27 04:27:28 INFO    judge | judged ko_native_039 qwen25_3b_int4 retrieval  spend=0.0616
2026-04-27 04:27:34 INFO    judge | judged ko_native_039 qwen25_3b_int4 oracle  spend=0.0634
2026-04-27 04:27:39 INFO    judge | judged ko_native_073 qwen25_3b_int4 retrieval  spend=0.0653
2026-04-27 04:27:45 INFO    judge | judged ko_native_073 qwen25_3b_int4 oracle  spend=0.0672
2026-04-27 04:27:51 INFO    judge | judged ko_native_091 qwen25_3b_int4 retrieval  spend=0.0690
2026-04-27 04:27:56 INFO    judge | judged ko_native_091 qwen25_3b_int4 oracle  spend=0.0711
2026-04-27 04:28:02 INFO    judge | judged ko_native_112 qwen25_3b_int4 retrieval  spend=0.0732
2026-04-27 04:28:07 INFO    judge | judged ko_native_112 qwen25_3b_int4 oracle  spend=0.0752
2026-04-27 04:28:14 INFO    judge | judged ko_native_020 hclova_seed_15b retrieval  spend=0.0777
2026-04-27 04:28:18 INFO    judge | judged ko_native_020 hclova_seed_15b oracle  spend=0.0799
2026-04-27 04:28:23 INFO    judge | judged ko_native_026 hclova_seed_15b retrieval  spend=0.0824
2026-04-27 04:28:30 INFO    judge | judged ko_native_026 hclova_seed_15b oracle  spend=0.0849
2026-04-27 04:28:37 INFO    judge | judged ko_native_039 hclova_seed_15b retrieval  spend=0.0874
2026-04-27 04:28:43 INFO    judge | judged ko_native_039 hclova_seed_15b oracle  spend=0.0894
2026-04-27 04:28:50 INFO    judge | judged ko_native_073 hclova_seed_15b retrieval  spend=0.0914
2026-04-27 04:28:55 INFO    judge | judged ko_native_073 hclova_seed_15b oracle  spend=0.0946
2026-04-27 04:29:01 INFO    judge | judged ko_native_091 hclova_seed_15b retrieval  spend=0.0970
2026-04-27 04:29:06 INFO    judge | judged ko_native_091 hclova_seed_15b oracle  spend=0.0993
2026-04-27 04:29:12 INFO    judge | judged ko_native_112 hclova_seed_15b retrieval  spend=0.1015
2026-04-27 04:29:18 INFO    judge | judged ko_native_112 hclova_seed_15b oracle  spend=0.1035
2026-04-27 04:29:24 INFO    judge | judged ko_native_020 hclova_seed_15b_int4 retrieval  spend=0.1065
2026-04-27 04:29:29 INFO    judge | judged ko_native_020 hclova_seed_15b_int4 oracle  spend=0.1096
2026-04-27 04:29:35 INFO    judge | judged ko_native_026 hclova_seed_15b_int4 retrieval  spend=0.1123
2026-04-27 04:29:40 INFO    judge | judged ko_native_026 hclova_seed_15b_int4 oracle  spend=0.1153
2026-04-27 04:29:46 INFO    judge | judged ko_native_039 hclova_seed_15b_int4 retrieval  spend=0.1177
2026-04-27 04:29:51 INFO    judge | judged ko_native_039 hclova_seed_15b_int4 oracle  spend=0.1202
2026-04-27 04:29:56 INFO    judge | judged ko_native_073 hclova_seed_15b_int4 retrieval  spend=0.1232
2026-04-27 04:30:02 INFO    judge | judged ko_native_073 hclova_seed_15b_int4 oracle  spend=0.1261
2026-04-27 04:30:07 INFO    judge | judged ko_native_091 hclova_seed_15b_int4 retrieval  spend=0.1292
2026-04-27 04:30:14 INFO    judge | judged ko_native_091 hclova_seed_15b_int4 oracle  spend=0.1328
2026-04-27 04:30:19 INFO    judge | judged ko_native_112 hclova_seed_15b_int4 retrieval  spend=0.1360
2026-04-27 04:30:26 INFO    judge | judged ko_native_112 hclova_seed_15b_int4 oracle  spend=0.1389
2026-04-27 04:30:33 INFO    judge | judged ko_native_020 bllossom_8b retrieval  spend=0.1416
2026-04-27 04:30:39 INFO    judge | judged ko_native_020 bllossom_8b oracle  spend=0.1444
2026-04-27 04:30:45 INFO    judge | judged ko_native_026 bllossom_8b retrieval  spend=0.1471
2026-04-27 04:30:52 INFO    judge | judged ko_native_026 bllossom_8b oracle  spend=0.1497
2026-04-27 04:30:58 INFO    judge | judged ko_native_039 bllossom_8b retrieval  spend=0.1522
2026-04-27 04:31:05 INFO    judge | judged ko_native_039 bllossom_8b oracle  spend=0.1547
2026-04-27 04:31:10 INFO    judge | judged ko_native_073 bllossom_8b retrieval  spend=0.1574
2026-04-27 04:31:17 INFO    judge | judged ko_native_073 bllossom_8b oracle  spend=0.1601
2026-04-27 04:31:22 INFO    judge | judged ko_native_091 bllossom_8b retrieval  spend=0.1626
2026-04-27 04:31:28 INFO    judge | judged ko_native_091 bllossom_8b oracle  spend=0.1652
2026-04-27 04:31:33 INFO    judge | judged ko_native_112 bllossom_8b retrieval  spend=0.1679
2026-04-27 04:31:38 INFO    judge | judged ko_native_112 bllossom_8b oracle  spend=0.1705
2026-04-27 04:31:44 INFO    judge | judged ko_native_020 open_ko_8b retrieval  spend=0.1726
2026-04-27 04:31:50 INFO    judge | judged ko_native_020 open_ko_8b oracle  spend=0.1752
2026-04-27 04:31:56 INFO    judge | judged ko_native_026 open_ko_8b retrieval  spend=0.1776
2026-04-27 04:32:03 INFO    judge | judged ko_native_026 open_ko_8b oracle  spend=0.1800
2026-04-27 04:32:08 INFO    judge | judged ko_native_039 open_ko_8b retrieval  spend=0.1816
2026-04-27 04:32:15 INFO    judge | judged ko_native_039 open_ko_8b oracle  spend=0.1837
2026-04-27 04:32:20 INFO    judge | judged ko_native_073 open_ko_8b retrieval  spend=0.1860
2026-04-27 04:32:25 INFO    judge | judged ko_native_073 open_ko_8b oracle  spend=0.1887
2026-04-27 04:32:32 INFO    judge | judged ko_native_091 open_ko_8b retrieval  spend=0.1913
2026-04-27 04:32:37 INFO    judge | judged ko_native_091 open_ko_8b oracle  spend=0.1937
2026-04-27 04:32:42 INFO    judge | judged ko_native_112 open_ko_8b retrieval  spend=0.1960
2026-04-27 04:32:48 INFO    judge | judged ko_native_112 open_ko_8b oracle  spend=0.1984
2026-04-27 04:32:53 INFO    judge | judged ko_native_020 kanana_8b retrieval  spend=0.2005
2026-04-27 04:33:00 INFO    judge | judged ko_native_020 kanana_8b oracle  spend=0.2027
2026-04-27 04:33:06 INFO    judge | judged ko_native_026 kanana_8b retrieval  spend=0.2050
2026-04-27 04:33:11 INFO    judge | judged ko_native_026 kanana_8b oracle  spend=0.2069
2026-04-27 04:33:18 INFO    judge | judged ko_native_039 kanana_8b retrieval  spend=0.2090
2026-04-27 04:33:24 INFO    judge | judged ko_native_039 kanana_8b oracle  spend=0.2114
2026-04-27 04:33:30 INFO    judge | judged ko_native_073 kanana_8b retrieval  spend=0.2135
2026-04-27 04:33:35 INFO    judge | judged ko_native_073 kanana_8b oracle  spend=0.2155
2026-04-27 04:33:41 INFO    judge | judged ko_native_091 kanana_8b retrieval  spend=0.2176
2026-04-27 04:33:47 INFO    judge | judged ko_native_091 kanana_8b oracle  spend=0.2198
2026-04-27 04:33:52 INFO    judge | judged ko_native_112 kanana_8b retrieval  spend=0.2222
2026-04-27 04:33:58 INFO    judge | judged ko_native_112 kanana_8b oracle  spend=0.2242
2026-04-27 04:34:03 INFO    judge | judged ko_native_020 kanana_8b_int4 retrieval  spend=0.2266
2026-04-27 04:34:09 INFO    judge | judged ko_native_020 kanana_8b_int4 oracle  spend=0.2286
2026-04-27 04:34:14 INFO    judge | judged ko_native_026 kanana_8b_int4 retrieval  spend=0.2309
2026-04-27 04:34:20 INFO    judge | judged ko_native_026 kanana_8b_int4 oracle  spend=0.2329
2026-04-27 04:34:26 INFO    judge | judged ko_native_039 kanana_8b_int4 retrieval  spend=0.2352
2026-04-27 04:34:31 INFO    judge | judged ko_native_039 kanana_8b_int4 oracle  spend=0.2375
2026-04-27 04:34:37 INFO    judge | judged ko_native_073 kanana_8b_int4 retrieval  spend=0.2398
2026-04-27 04:34:42 INFO    judge | judged ko_native_073 kanana_8b_int4 oracle  spend=0.2418
2026-04-27 04:34:49 INFO    judge | judged ko_native_091 kanana_8b_int4 retrieval  spend=0.2441
2026-04-27 04:34:55 INFO    judge | judged ko_native_091 kanana_8b_int4 oracle  spend=0.2464
2026-04-27 04:35:01 INFO    judge | judged ko_native_112 kanana_8b_int4 retrieval  spend=0.2486
2026-04-27 04:35:08 INFO    judge | judged ko_native_112 kanana_8b_int4 oracle  spend=0.2508
2026-04-27 04:35:14 INFO    judge | judged ko_native_020 qwen25_7b retrieval  spend=0.2527
2026-04-27 04:35:20 INFO    judge | judged ko_native_020 qwen25_7b oracle  spend=0.2549
2026-04-27 04:35:27 INFO    judge | judged ko_native_026 qwen25_7b retrieval  spend=0.2569
2026-04-27 04:35:33 INFO    judge | judged ko_native_026 qwen25_7b oracle  spend=0.2587
2026-04-27 04:35:38 INFO    judge | judged ko_native_039 qwen25_7b retrieval  spend=0.2609
2026-04-27 04:35:44 INFO    judge | judged ko_native_039 qwen25_7b oracle  spend=0.2630
2026-04-27 04:35:50 INFO    judge | judged ko_native_073 qwen25_7b retrieval  spend=0.2650
2026-04-27 04:35:56 INFO    judge | judged ko_native_073 qwen25_7b oracle  spend=0.2667
2026-04-27 04:36:01 INFO    judge | judged ko_native_091 qwen25_7b retrieval  spend=0.2689
2026-04-27 04:36:07 INFO    judge | judged ko_native_091 qwen25_7b oracle  spend=0.2707
2026-04-27 04:36:13 INFO    judge | judged ko_native_112 qwen25_7b retrieval  spend=0.2728
2026-04-27 04:36:19 INFO    judge | judged ko_native_112 qwen25_7b oracle  spend=0.2749
2026-04-27 04:36:19 INFO    judge | DONE: 528 verdicts -> experiments/20260426_1242_v0.2_sweep_merged/judge_verdicts.jsonl
2026-04-27 04:36:19 INFO    judge | aggregate -> experiments/20260426_1242_v0.2_sweep_merged/judge_aggregate.json
